Starting sample-and-rank via SLURM
[robosuite WARNING] No private macro file found! (macros.py:53)
[robosuite WARNING] It is recommended to use a private macro file (macros.py:54)
[robosuite WARNING] To setup, run: python /home/zoellner/src/guided-diffusion/robosuite/robosuite/scripts/setup_macros.py (macros.py:55)
[robosuite WARNING] Could not import robosuite_models. Some robots may not be available. If you want to use these robots, please install robosuite_models from source (https://github.com/ARISE-Initiative/robosuite_models) or through pip install. (__init__.py:30)
Created environment with name PickPlaceCan
Action size is 7
Created environment with name PickPlaceCan
Action size is 7
============= Loaded Config =============
{
    "algo_name": "diffusion_policy",
    "experiment": {
        "name": "can_mh_lowdim",
        "validate": false,
        "logging": {
            "terminal_output_to_txt": true,
            "log_tb": true,
            "log_wandb": true,
            "wandb_proj_name": "guided_diffusion"
        },
        "save": {
            "enabled": true,
            "every_n_seconds": null,
            "every_n_epochs": 50,
            "epochs": [],
            "on_best_validation": false,
            "on_best_rollout_return": false,
            "on_best_rollout_success_rate": true
        },
        "epoch_every_n_steps": 100,
        "validation_epoch_every_n_steps": 10,
        "env": null,
        "additional_envs": null,
        "render": false,
        "render_video": true,
        "keep_all_videos": true,
        "video_skip": 2,
        "rollout": {
            "enabled": true,
            "n": 10,
            "horizon": 200,
            "rate": 50,
            "warmstart": 0,
            "terminate_on_success": true
        },
        "env_meta_update_dict": {},
        "ckpt_path": null
    },
    "train": {
        "data": [
            {
                "path": "/home/zoellner/src/guided-diffusion/data/can/mh/low_dim_v15.hdf5"
            }
        ],
        "output_dir": "/scratch/gilbreth/zoellner/diffusion_runs/",
        "normalize_weights_by_ds_size": false,
        "num_data_workers": 0,
        "hdf5_cache_mode": "all",
        "hdf5_use_swmr": true,
        "hdf5_load_next_obs": false,
        "hdf5_normalize_obs": false,
        "hdf5_filter_key": null,
        "hdf5_validation_filter_key": null,
        "seq_length": 16,
        "pad_seq_length": true,
        "frame_stack": 2,
        "pad_frame_stack": true,
        "dataset_keys": [
            "actions",
            "rewards",
            "dones"
        ],
        "action_keys": [
            "actions"
        ],
        "action_config": {
            "actions": {
                "normalization": null
            }
        },
        "goal_mode": null,
        "cuda": true,
        "batch_size": 100,
        "num_epochs": 2000,
        "seed": 1,
        "max_grad_norm": null
    },
    "algo": {
        "optim_params": {
            "policy": {
                "optimizer_type": "adamw",
                "learning_rate": {
                    "initial": 0.0001,
                    "decay_factor": 0.1,
                    "step_every_batch": true,
                    "scheduler_type": "cosine",
                    "num_cycles": 0.5,
                    "warmup_steps": 500,
                    "epoch_schedule": []
                },
                "regularization": {
                    "L2": 1e-06
                },
                "num_train_batches": 100,
                "num_epochs": 2000
            }
        },
        "horizon": {
            "observation_horizon": 2,
            "action_horizon": 8,
            "prediction_horizon": 16
        },
        "unet": {
            "enabled": true,
            "diffusion_step_embed_dim": 256,
            "down_dims": [
                256,
                512,
                1024
            ],
            "kernel_size": 5,
            "n_groups": 8
        },
        "ema": {
            "enabled": true,
            "power": 0.75
        },
        "ddpm": {
            "enabled": true,
            "num_train_timesteps": 100,
            "num_inference_timesteps": 100,
            "beta_schedule": "squaredcos_cap_v2",
            "clip_sample": true,
            "prediction_type": "epsilon"
        },
        "ddim": {
            "enabled": false,
            "num_train_timesteps": 100,
            "num_inference_timesteps": 10,
            "beta_schedule": "squaredcos_cap_v2",
            "clip_sample": true,
            "set_alpha_to_one": true,
            "steps_offset": 0,
            "prediction_type": "epsilon"
        }
    },
    "observation": {
        "modalities": {
            "obs": {
                "low_dim": [
                    "robot0_eef_pos",
                    "robot0_eef_quat",
                    "robot0_gripper_qpos",
                    "object"
                ],
                "rgb": [],
                "depth": [],
                "scan": []
            },
            "goal": {
                "low_dim": [],
                "rgb": [],
                "depth": [],
                "scan": []
            }
        },
        "encoder": {
            "low_dim": {
                "core_class": null,
                "core_kwargs": {},
                "obs_randomizer_class": null,
                "obs_randomizer_kwargs": {}
            },
            "rgb": {
                "core_class": "VisualCore",
                "core_kwargs": {},
                "obs_randomizer_class": null,
                "obs_randomizer_kwargs": {}
            },
            "depth": {
                "core_class": "VisualCore",
                "core_kwargs": {},
                "obs_randomizer_class": null,
                "obs_randomizer_kwargs": {}
            },
            "scan": {
                "core_class": "ScanCore",
                "core_kwargs": {},
                "obs_randomizer_class": null,
                "obs_randomizer_kwargs": {}
            }
        }
    },
    "meta": {
        "hp_base_config_file": null,
        "hp_keys": [],
        "hp_values": []
    }
}

============= Initialized Observation Utils with Obs Spec =============

using obs modality: low_dim with keys: ['robot0_eef_pos', 'robot0_gripper_qpos', 'robot0_eef_quat', 'object']
using obs modality: rgb with keys: []
using obs modality: depth with keys: []
using obs modality: scan with keys: []
number of parameters: 6.587828e+07
============= Loaded Policy =============
DiffusionPolicyUNet (
  ModuleDict(
    (policy): ModuleDict(
      (obs_encoder): ObservationGroupEncoder(
          group=obs
          ObservationEncoder(
              Key(
                  name=object
                  shape=[14]
                  modality=low_dim
                  randomizer=ModuleList(
                    (0): None
                  )
                  net=None
                  sharing_from=None
              )
              Key(
                  name=robot0_eef_pos
                  shape=[3]
                  modality=low_dim
                  randomizer=ModuleList(
                    (0): None
                  )
                  net=None
                  sharing_from=None
              )
              Key(
                  name=robot0_eef_quat
                  shape=[4]
                  modality=low_dim
                  randomizer=ModuleList(
                    (0): None
                  )
                  net=None
                  sharing_from=None
              )
              Key(
                  name=robot0_gripper_qpos
                  shape=[2]
                  modality=low_dim
                  randomizer=ModuleList(
                    (0): None
                  )
                  net=None
                  sharing_from=None
              )
              output_shape=[23]
          )
      )
      (noise_pred_net): ConditionalUnet1D(
        (mid_modules): ModuleList(
          (0-1): 2 x ConditionalResidualBlock1D(
            (blocks): ModuleList(
              (0-1): 2 x Conv1dBlock(
                (block): Sequential(
                  (0): Conv1d(1024, 1024, kernel_size=(5,), stride=(1,), padding=(2,))
                  (1): GroupNorm(8, 1024, eps=1e-05, affine=True)
                  (2): Mish()
                )
              )
            )
            (cond_encoder): Sequential(
              (0): Mish()
              (1): Linear(in_features=302, out_features=2048, bias=True)
              (2): Unflatten(dim=-1, unflattened_size=(-1, 1))
            )
            (residual_conv): Identity()
          )
        )
        (diffusion_step_encoder): Sequential(
          (0): SinusoidalPosEmb()
          (1): Linear(in_features=256, out_features=1024, bias=True)
          (2): Mish()
          (3): Linear(in_features=1024, out_features=256, bias=True)
        )
        (up_modules): ModuleList(
          (0): ModuleList(
            (0): ConditionalResidualBlock1D(
              (blocks): ModuleList(
                (0): Conv1dBlock(
                  (block): Sequential(
                    (0): Conv1d(2048, 512, kernel_size=(5,), stride=(1,), padding=(2,))
                    (1): GroupNorm(8, 512, eps=1e-05, affine=True)
                    (2): Mish()
                  )
                )
                (1): Conv1dBlock(
                  (block): Sequential(
                    (0): Conv1d(512, 512, kernel_size=(5,), stride=(1,), padding=(2,))
                    (1): GroupNorm(8, 512, eps=1e-05, affine=True)
                    (2): Mish()
                  )
                )
              )
              (cond_encoder): Sequential(
                (0): Mish()
                (1): Linear(in_features=302, out_features=1024, bias=True)
                (2): Unflatten(dim=-1, unflattened_size=(-1, 1))
              )
              (residual_conv): Conv1d(2048, 512, kernel_size=(1,), stride=(1,))
            )
            (1): ConditionalResidualBlock1D(
              (blocks): ModuleList(
                (0-1): 2 x Conv1dBlock(
                  (block): Sequential(
                    (0): Conv1d(512, 512, kernel_size=(5,), stride=(1,), padding=(2,))
                    (1): GroupNorm(8, 512, eps=1e-05, affine=True)
                    (2): Mish()
                  )
                )
              )
              (cond_encoder): Sequential(
                (0): Mish()
                (1): Linear(in_features=302, out_features=1024, bias=True)
                (2): Unflatten(dim=-1, unflattened_size=(-1, 1))
              )
              (residual_conv): Identity()
            )
            (2): Upsample1d(
              (conv): ConvTranspose1d(512, 512, kernel_size=(4,), stride=(2,), padding=(1,))
            )
          )
          (1): ModuleList(
            (0): ConditionalResidualBlock1D(
              (blocks): ModuleList(
                (0): Conv1dBlock(
                  (block): Sequential(
                    (0): Conv1d(1024, 256, kernel_size=(5,), stride=(1,), padding=(2,))
                    (1): GroupNorm(8, 256, eps=1e-05, affine=True)
                    (2): Mish()
                  )
                )
                (1): Conv1dBlock(
                  (block): Sequential(
                    (0): Conv1d(256, 256, kernel_size=(5,), stride=(1,), padding=(2,))
                    (1): GroupNorm(8, 256, eps=1e-05, affine=True)
                    (2): Mish()
                  )
                )
              )
              (cond_encoder): Sequential(
                (0): Mish()
                (1): Linear(in_features=302, out_features=512, bias=True)
                (2): Unflatten(dim=-1, unflattened_size=(-1, 1))
              )
              (residual_conv): Conv1d(1024, 256, kernel_size=(1,), stride=(1,))
            )
            (1): ConditionalResidualBlock1D(
              (blocks): ModuleList(
                (0-1): 2 x Conv1dBlock(
                  (block): Sequential(
                    (0): Conv1d(256, 256, kernel_size=(5,), stride=(1,), padding=(2,))
                    (1): GroupNorm(8, 256, eps=1e-05, affine=True)
                    (2): Mish()
                  )
                )
              )
              (cond_encoder): Sequential(
                (0): Mish()
                (1): Linear(in_features=302, out_features=512, bias=True)
                (2): Unflatten(dim=-1, unflattened_size=(-1, 1))
              )
              (residual_conv): Identity()
            )
            (2): Upsample1d(
              (conv): ConvTranspose1d(256, 256, kernel_size=(4,), stride=(2,), padding=(1,))
            )
          )
        )
        (down_modules): ModuleList(
          (0): ModuleList(
            (0): ConditionalResidualBlock1D(
              (blocks): ModuleList(
                (0): Conv1dBlock(
                  (block): Sequential(
                    (0): Conv1d(7, 256, kernel_size=(5,), stride=(1,), padding=(2,))
                    (1): GroupNorm(8, 256, eps=1e-05, affine=True)
                    (2): Mish()
                  )
                )
                (1): Conv1dBlock(
                  (block): Sequential(
                    (0): Conv1d(256, 256, kernel_size=(5,), stride=(1,), padding=(2,))
                    (1): GroupNorm(8, 256, eps=1e-05, affine=True)
                    (2): Mish()
                  )
                )
              )
              (cond_encoder): Sequential(
                (0): Mish()
                (1): Linear(in_features=302, out_features=512, bias=True)
                (2): Unflatten(dim=-1, unflattened_size=(-1, 1))
              )
              (residual_conv): Conv1d(7, 256, kernel_size=(1,), stride=(1,))
            )
            (1): ConditionalResidualBlock1D(
              (blocks): ModuleList(
                (0-1): 2 x Conv1dBlock(
                  (block): Sequential(
                    (0): Conv1d(256, 256, kernel_size=(5,), stride=(1,), padding=(2,))
                    (1): GroupNorm(8, 256, eps=1e-05, affine=True)
                    (2): Mish()
                  )
                )
              )
              (cond_encoder): Sequential(
                (0): Mish()
                (1): Linear(in_features=302, out_features=512, bias=True)
                (2): Unflatten(dim=-1, unflattened_size=(-1, 1))
              )
              (residual_conv): Identity()
            )
            (2): Downsample1d(
              (conv): Conv1d(256, 256, kernel_size=(3,), stride=(2,), padding=(1,))
            )
          )
          (1): ModuleList(
            (0): ConditionalResidualBlock1D(
              (blocks): ModuleList(
                (0): Conv1dBlock(
                  (block): Sequential(
                    (0): Conv1d(256, 512, kernel_size=(5,), stride=(1,), padding=(2,))
                    (1): GroupNorm(8, 512, eps=1e-05, affine=True)
                    (2): Mish()
                  )
                )
                (1): Conv1dBlock(
                  (block): Sequential(
                    (0): Conv1d(512, 512, kernel_size=(5,), stride=(1,), padding=(2,))
                    (1): GroupNorm(8, 512, eps=1e-05, affine=True)
                    (2): Mish()
                  )
                )
              )
              (cond_encoder): Sequential(
                (0): Mish()
                (1): Linear(in_features=302, out_features=1024, bias=True)
                (2): Unflatten(dim=-1, unflattened_size=(-1, 1))
              )
              (residual_conv): Conv1d(256, 512, kernel_size=(1,), stride=(1,))
            )
            (1): ConditionalResidualBlock1D(
              (blocks): ModuleList(
                (0-1): 2 x Conv1dBlock(
                  (block): Sequential(
                    (0): Conv1d(512, 512, kernel_size=(5,), stride=(1,), padding=(2,))
                    (1): GroupNorm(8, 512, eps=1e-05, affine=True)
                    (2): Mish()
                  )
                )
              )
              (cond_encoder): Sequential(
                (0): Mish()
                (1): Linear(in_features=302, out_features=1024, bias=True)
                (2): Unflatten(dim=-1, unflattened_size=(-1, 1))
              )
              (residual_conv): Identity()
            )
            (2): Downsample1d(
              (conv): Conv1d(512, 512, kernel_size=(3,), stride=(2,), padding=(1,))
            )
          )
          (2): ModuleList(
            (0): ConditionalResidualBlock1D(
              (blocks): ModuleList(
                (0): Conv1dBlock(
                  (block): Sequential(
                    (0): Conv1d(512, 1024, kernel_size=(5,), stride=(1,), padding=(2,))
                    (1): GroupNorm(8, 1024, eps=1e-05, affine=True)
                    (2): Mish()
                  )
                )
                (1): Conv1dBlock(
                  (block): Sequential(
                    (0): Conv1d(1024, 1024, kernel_size=(5,), stride=(1,), padding=(2,))
                    (1): GroupNorm(8, 1024, eps=1e-05, affine=True)
                    (2): Mish()
                  )
                )
              )
              (cond_encoder): Sequential(
                (0): Mish()
                (1): Linear(in_features=302, out_features=2048, bias=True)
                (2): Unflatten(dim=-1, unflattened_size=(-1, 1))
              )
              (residual_conv): Conv1d(512, 1024, kernel_size=(1,), stride=(1,))
            )
            (1): ConditionalResidualBlock1D(
              (blocks): ModuleList(
                (0-1): 2 x Conv1dBlock(
                  (block): Sequential(
                    (0): Conv1d(1024, 1024, kernel_size=(5,), stride=(1,), padding=(2,))
                    (1): GroupNorm(8, 1024, eps=1e-05, affine=True)
                    (2): Mish()
                  )
                )
              )
              (cond_encoder): Sequential(
                (0): Mish()
                (1): Linear(in_features=302, out_features=2048, bias=True)
                (2): Unflatten(dim=-1, unflattened_size=(-1, 1))
              )
              (residual_conv): Identity()
            )
            (2): Identity()
          )
        )
        (final_conv): Sequential(
          (0): Conv1dBlock(
            (block): Sequential(
              (0): Conv1d(256, 256, kernel_size=(5,), stride=(1,), padding=(2,))
              (1): GroupNorm(8, 256, eps=1e-05, affine=True)
              (2): Mish()
            )
          )
          (1): Conv1d(256, 7, kernel_size=(1,), stride=(1,))
        )
      )
    )
  )
)
Starting Rollouts
  0%|          | 0/300 [00:00<?, ?it/s]ObservationKeyToModalityDict: robot0_joint_pos not found, adding robot0_joint_pos to mapping with assumed low_dim modality!
ObservationKeyToModalityDict: robot0_joint_pos_cos not found, adding robot0_joint_pos_cos to mapping with assumed low_dim modality!
ObservationKeyToModalityDict: robot0_joint_pos_sin not found, adding robot0_joint_pos_sin to mapping with assumed low_dim modality!
ObservationKeyToModalityDict: robot0_joint_vel not found, adding robot0_joint_vel to mapping with assumed low_dim modality!
ObservationKeyToModalityDict: robot0_eef_quat_site not found, adding robot0_eef_quat_site to mapping with assumed low_dim modality!
ObservationKeyToModalityDict: robot0_gripper_qvel not found, adding robot0_gripper_qvel to mapping with assumed low_dim modality!
ObservationKeyToModalityDict: lang_emb not found, adding lang_emb to mapping with assumed low_dim modality!
ObservationKeyToModalityDict: timesteps not found, adding timesteps to mapping with assumed low_dim modality!
ObservationKeyToModalityDict: actions not found, adding actions to mapping with assumed low_dim modality!
sample_actions_time_s=5.6963 (num_samples=8)
  0%|          | 0/300 [00:06<?, ?it/s]
Traceback (most recent call last):
  File "/home/zoellner/src/guided-diffusion/experiments/sample-and-rank.py", line 266, in <module>
    main()
  File "/home/zoellner/src/guided-diffusion/experiments/sample-and-rank.py", line 262, in main
    run_diffusion(args)
  File "/home/zoellner/src/guided-diffusion/experiments/sample-and-rank.py", line 202, in run_diffusion
    stats = rollout(
  File "/home/zoellner/src/guided-diffusion/experiments/sample-and-rank.py", line 104, in rollout
    selection, scores_list = run_rejection_sampling(actions_list, env, eval_env, goal=goal)
  File "/home/zoellner/src/guided-diffusion/experiments/sample-and-rank.py", line 37, in run_rejection_sampling
    rzz, _ = get_metrics(eval_env)
  File "/home/zoellner/src/guided-diffusion/experiments/sample-and-rank.py", line 23, in get_metrics
    sim = env.env.env.simz
AttributeError: 'PickPlaceCan' object has no attribute 'simz'. Did you mean: 'sim'?
Finished sample-and-rank? elapsed_seconds=27
