Starting diffusion policy training via SLURM
Using config: diffusion_policy_toy_squares.json
Gym has been unmaintained since 2022 and does not support NumPy 2.0 amongst other critical functionality.
Please upgrade to Gymnasium, the maintained drop-in replacement of Gym, or contact the authors of your software and request that they upgrade.
Users of this version of Gym should be able to simply replace 'import gym' with 'import gymnasium as gym' in the vast majority of cases.
See the migration guide at https://gymnasium.farama.org/introduction/migration_guide/ for additional information.

============= New Training Run with Config =============
{
    "algo_name": "diffusion_policy",
    "experiment": {
        "name": "can_mh_lowdim",
        "validate": true,
        "logging": {
            "terminal_output_to_txt": true,
            "log_tb": true,
            "log_wandb": false,
            "wandb_proj_name": "guided_diffusion"
        },
        "save": {
            "enabled": true,
            "every_n_seconds": null,
            "every_n_epochs": 20,
            "epochs": [],
            "on_best_validation": false,
            "on_best_rollout_return": false,
            "on_best_rollout_success_rate": true
        },
        "epoch_every_n_steps": 500,
        "validation_epoch_every_n_steps": 10,
        "env": null,
        "additional_envs": null,
        "render": false,
        "render_video": true,
        "keep_all_videos": false,
        "video_skip": 5,
        "rollout": {
            "enabled": true,
            "n": 10,
            "horizon": 100,
            "rate": 10,
            "warmstart": 0,
            "terminate_on_success": true
        },
        "env_meta_update_dict": {},
        "ckpt_path": null
    },
    "train": {
        "data": "data/toy_squares/train/data.hdf5",
        "output_dir": "runs/toy_squares/",
        "normalize_weights_by_ds_size": false,
        "num_data_workers": 0,
        "hdf5_cache_mode": "low_dim",
        "hdf5_use_swmr": true,
        "hdf5_load_next_obs": false,
        "hdf5_normalize_obs": false,
        "hdf5_filter_key": "train",
        "hdf5_validation_filter_key": "valid",
        "seq_length": 15,
        "pad_seq_length": true,
        "frame_stack": 2,
        "pad_frame_stack": true,
        "dataset_keys": [
            "actions"
        ],
        "action_keys": [
            "actions"
        ],
        "action_config": {
            "actions": {
                "normalization": null
            }
        },
        "goal_mode": null,
        "cuda": true,
        "batch_size": 16,
        "num_epochs": 2000,
        "seed": 1,
        "max_grad_norm": null
    },
    "algo": {
        "optim_params": {
            "policy": {
                "optimizer_type": "adamw",
                "learning_rate": {
                    "initial": 0.0001,
                    "decay_factor": 0.1,
                    "step_every_batch": true,
                    "scheduler_type": "cosine",
                    "num_cycles": 0.5,
                    "warmup_steps": 500,
                    "epoch_schedule": []
                },
                "regularization": {
                    "L2": 0.0
                }
            }
        },
        "horizon": {
            "observation_horizon": 2,
            "action_horizon": 8,
            "prediction_horizon": 16
        },
        "unet": {
            "enabled": true,
            "diffusion_step_embed_dim": 256,
            "down_dims": [
                256,
                512,
                1024
            ],
            "kernel_size": 5,
            "n_groups": 8
        },
        "ema": {
            "enabled": true,
            "power": 0.75
        },
        "ddpm": {
            "enabled": false,
            "num_train_timesteps": 100,
            "num_inference_timesteps": 100,
            "beta_schedule": "squaredcos_cap_v2",
            "clip_sample": true,
            "prediction_type": "epsilon"
        },
        "ddim": {
            "enabled": true,
            "num_train_timesteps": 100,
            "num_inference_timesteps": 10,
            "beta_schedule": "squaredcos_cap_v2",
            "clip_sample": true,
            "set_alpha_to_one": true,
            "steps_offset": 0,
            "prediction_type": "epsilon"
        }
    },
    "observation": {
        "modalities": {
            "obs": {
                "low_dim": [
                    "agent_pos",
                    "states"
                ],
                "rgb": [
                    "image"
                ],
                "depth": [],
                "scan": []
            },
            "goal": {
                "low_dim": [],
                "rgb": [],
                "depth": [],
                "scan": []
            }
        },
        "encoder": {
            "low_dim": {
                "core_class": null,
                "core_kwargs": {},
                "obs_randomizer_class": null,
                "obs_randomizer_kwargs": {}
            },
            "rgb": {
                "core_class": "VisualCore",
                "core_kwargs": {
                    "feature_dimension": 64,
                    "backbone_class": "ResNet18Conv",
                    "backbone_kwargs": {
                        "pretrained": false,
                        "input_coord_conv": false
                    },
                    "pool_class": "SpatialSoftmax",
                    "pool_kwargs": {
                        "num_kp": 32,
                        "learnable_temperature": false,
                        "temperature": 1.0,
                        "noise_std": 0.0
                    }
                },
                "obs_randomizer_class": "CropRandomizer",
                "obs_randomizer_kwargs": {
                    "crop_height": 120,
                    "crop_width": 120,
                    "num_crops": 1,
                    "pos_enc": false
                }
            },
            "depth": {
                "core_class": "VisualCore",
                "core_kwargs": {},
                "obs_randomizer_class": null,
                "obs_randomizer_kwargs": {}
            },
            "scan": {
                "core_class": "ScanCore",
                "core_kwargs": {},
                "obs_randomizer_class": null,
                "obs_randomizer_kwargs": {}
            }
        }
    },
    "meta": {
        "hp_base_config_file": null,
        "hp_keys": [],
        "hp_values": []
    }
}

run failed with error:
Resuming training run, but output dir /home/zoellner/src/guided-diffusion/robomimic/robomimic/runs/toy_squares/can_mh_lowdim does not exist

Traceback (most recent call last):
  File "/home/zoellner/src/guided-diffusion/robomimic/robomimic/scripts/train.py", line 504, in main
    train(config, device=device, resume=args.resume)
  File "/home/zoellner/src/guided-diffusion/robomimic/robomimic/scripts/train.py", line 59, in train
    log_dir, ckpt_dir, video_dir, time_dir = TrainUtils.get_exp_dir(config, resume=resume)
  File "/home/zoellner/src/guided-diffusion/robomimic/robomimic/utils/train_utils.py", line 62, in get_exp_dir
    assert os.path.exists(base_output_dir), "Resuming training run, but output dir {} does not exist".format(base_output_dir)
AssertionError: Resuming training run, but output dir /home/zoellner/src/guided-diffusion/robomimic/robomimic/runs/toy_squares/can_mh_lowdim does not exist

Finished training? elapsed_seconds=7
