Starting toy_squares dataset generation via SLURM
Gym has been unmaintained since 2022 and does not support NumPy 2.0 amongst other critical functionality.
Please upgrade to Gymnasium, the maintained drop-in replacement of Gym, or contact the authors of your software and request that they upgrade.
Users of this version of Gym should be able to simply replace 'import gym' with 'import gymnasium as gym' in the vast majority of cases.
See the migration guide at https://gymnasium.farama.org/introduction/migration_guide/ for additional information.
WARNING: could not load d4rl environments!
/home/zoellner/.conda/envs/guided_diffusion/lib/python3.10/site-packages/pygame/pkgdata.py:25: UserWarning: pkg_resources is deprecated as an API. See https://setuptools.pypa.io/en/latest/pkg_resources.html. The pkg_resources package is slated for removal as early as 2025-11-30. Refrain from using this package or pin to Setuptools<81.
  from pkg_resources import resource_stream, resource_exists
/home/zoellner/.conda/envs/guided_diffusion/lib/python3.10/site-packages/gym/utils/passive_env_checker.py:20: UserWarning: [33mWARN: It seems a Box observation space is an image but the `dtype` is not `np.uint8`, actual type: float32. If the Box observation space is not an image, we recommend flattening the observation to have only a 1D vector.[0m
  logger.warn(
/home/zoellner/.conda/envs/guided_diffusion/lib/python3.10/site-packages/gym/utils/passive_env_checker.py:25: UserWarning: [33mWARN: It seems a Box observation space is an image but the upper and lower bounds are not in [0, 255]. Generally, CNN policies assume observations are within that range, so you may encounter an issue if the observation values are not.[0m
  logger.warn(
Created environment with name TouchCube
Action size is 2
ROBOMIMIC WARNING(
    No environment version found in dataset!
    Cannot verify if dataset and installed environment versions match
)

============= Initialized Observation Utils with Obs Spec =============

using obs modality: low_dim with keys: ['states', 'agent_pos']
using obs modality: rgb with keys: ['image']
/home/zoellner/.conda/envs/guided_diffusion/lib/python3.10/site-packages/gym/utils/passive_env_checker.py:174: UserWarning: [33mWARN: Future gym versions will require that `Env.reset` can be passed a `seed` instead of using `Env.seed` for resetting the environment random number generator.[0m
  logger.warn(
/home/zoellner/.conda/envs/guided_diffusion/lib/python3.10/site-packages/gym/utils/passive_env_checker.py:187: UserWarning: [33mWARN: Future gym versions will require that `Env.reset` can be passed `options` to allow the environment initialisation to be passed additional information.[0m
  logger.warn(
/home/zoellner/.conda/envs/guided_diffusion/lib/python3.10/site-packages/gym/utils/passive_env_checker.py:195: UserWarning: [33mWARN: The result returned by `env.reset()` was not a tuple of the form `(obs, info)`, where `obs` is a observation and `info` is a dictionary containing additional information. Actual type: `<class 'dict'>`[0m
  logger.warn(
On 0 out of 10
/home/zoellner/.conda/envs/guided_diffusion/lib/python3.10/site-packages/gym/utils/passive_env_checker.py:219: DeprecationWarning: [33mWARN: Core environment is written in old step API which returns one bool instead of two. It is recommended to rewrite the environment with new step API. [0m
  logger.deprecation(
/home/zoellner/.conda/envs/guided_diffusion/lib/python3.10/site-packages/gym/utils/passive_env_checker.py:225: DeprecationWarning: `np.bool8` is a deprecated alias for `np.bool_`.  (Deprecated NumPy 1.24)
  if not isinstance(done, (bool, np.bool8)):
/home/zoellner/.conda/envs/guided_diffusion/lib/python3.10/site-packages/gym/utils/passive_env_checker.py:141: UserWarning: [33mWARN: The obs returned by the `step()` method was expecting numpy array dtype to be float32, actual type: float64[0m
  logger.warn(
/home/zoellner/.conda/envs/guided_diffusion/lib/python3.10/site-packages/gym/utils/passive_env_checker.py:165: UserWarning: [33mWARN: The obs returned by the `step()` method is not within the observation space.[0m
  logger.warn(f"{pre} is not within the observation space.")
/home/zoellner/.conda/envs/guided_diffusion/lib/python3.10/site-packages/gym/utils/passive_env_checker.py:272: UserWarning: [33mWARN: No render modes was declared in the environment (env.metadata['render_modes'] is None or not defined), you may have trouble when calling `.render()`.[0m
  logger.warn(
On 1 out of 10
On 2 out of 10
On 3 out of 10
On 4 out of 10
On 5 out of 10
On 6 out of 10
On 7 out of 10
On 8 out of 10
On 9 out of 10
Average Rollout Stats
{
    "Return": 1.0,
    "Horizon": 75.5,
    "Success_Rate": 1.0,
    "Exception_Rate": 0.0,
    "time": 0.23743855953216553,
    "Num_Success": 10.0,
    "Time_Episode": 0.039573093255360924,
    "Num_Episode": 10
}
Wrote dataset trajectories to /home/zoellner/src/guided-diffusion/data/toy_squares/train/data.hdf5
Gym has been unmaintained since 2022 and does not support NumPy 2.0 amongst other critical functionality.
Please upgrade to Gymnasium, the maintained drop-in replacement of Gym, or contact the authors of your software and request that they upgrade.
Users of this version of Gym should be able to simply replace 'import gym' with 'import gymnasium as gym' in the vast majority of cases.
See the migration guide at https://gymnasium.farama.org/introduction/migration_guide/ for additional information.
1 validation demonstrations out of 10 total demonstrations.
Total number of train samples: 690
Average number of train samples 76.66666666666667
Total number of valid samples: 65
Average number of valid samples 65.0
Dataset created at: /home/zoellner/src/guided-diffusion/data/toy_squares/train/data.hdf5
Finished dataset generation. elapsed_seconds=16
